C:\Users\herna_l1flzch\OneDrive\Escritorio\Implementacion-analisis-sensorial\src\main\java\Proyect\adapters\ui\RegistroView.java
C:\Users\herna_l1flzch\OneDrive\Escritorio\Implementacion-analisis-sensorial\src\main\java\Proyect\entities\Usuario.java
C:\Users\herna_l1flzch\OneDrive\Escritorio\Implementacion-analisis-sensorial\src\main\java\Proyect\usecases\ports\AnalisisRepositorio.java
C:\Users\herna_l1flzch\OneDrive\Escritorio\Implementacion-analisis-sensorial\src\main\java\Proyect\usecases\ports\UsuarioRepositorio.java
C:\Users\herna_l1flzch\OneDrive\Escritorio\Implementacion-analisis-sensorial\src\main\java\Proyect\usecases\services\RealizarAnalisisUseCase.java
C:\Users\herna_l1flzch\OneDrive\Escritorio\Implementacion-analisis-sensorial\src\main\java\Proyect\infrastructure\repositories\MemoriaAnalisisRepositorio.java
C:\Users\herna_l1flzch\OneDrive\Escritorio\Implementacion-analisis-sensorial\src\main\java\Proyect\adapters\ui\LoginView.java
C:\Users\herna_l1flzch\OneDrive\Escritorio\Implementacion-analisis-sensorial\src\main\java\Proyect\adapters\ui\Main.java
C:\Users\herna_l1flzch\OneDrive\Escritorio\Implementacion-analisis-sensorial\src\main\java\Proyect\infrastructure\repositories\MemoriaUsuarioRepositorio.java
C:\Users\herna_l1flzch\OneDrive\Escritorio\Implementacion-analisis-sensorial\src\main\java\Proyect\entities\EvaluacionSensorial.java
C:\Users\herna_l1flzch\OneDrive\Escritorio\Implementacion-analisis-sensorial\src\main\java\Proyect\adapters\ui\MainView.java
C:\Users\herna_l1flzch\OneDrive\Escritorio\Implementacion-analisis-sensorial\src\main\java\Proyect\adapters\ui\AnalisisView.java
C:\Users\herna_l1flzch\OneDrive\Escritorio\Implementacion-analisis-sensorial\src\main\java\Proyect\adapters\ui\DashboardView.java
